$ bun run --filter @moovo/frontend build
@moovo/frontend prebuild: $ bun scripts/generate-sitemap.ts
@moovo/frontend prebuild: 🗺️  Generating sitemap.xml for Moovo...
@moovo/frontend prebuild: ✅ Sitemap generated: /home/nate/Oxy/Moovo/.worktrees/1519-final-sdk-adoption-20261003/packages/frontend/public/sitemap.xml
@moovo/frontend prebuild: ✅ Sitemap copied to: /home/nate/Oxy/Moovo/.worktrees/1519-final-sdk-adoption-20261003/packages/frontend/dist/sitemap.xml
@moovo/frontend prebuild: 
@moovo/frontend prebuild: 📊 Total URLs in sitemap: 1
@moovo/frontend prebuild: 🎉 Sitemap generated successfully!
@moovo/frontend prebuild: Exited with code 0
@moovo/frontend build: Expo Autolinking module resolution enabled
@moovo/frontend build: Starting Metro Bundler
@moovo/frontend build: 
@moovo/frontend build:  WARN  Attempted to import the module "/home/nate/Oxy/Moovo/.worktrees/1519-final-sdk-adoption-20261003/node_modules/@noble/hashes/crypto.js" which is not listed in the "exports" of "/home/nate/Oxy/Moovo/.worktrees/1519-final-sdk-adoption-20261003/node_modules/@noble/hashes" under the requested subpath "./crypto.js". Falling back to file-based resolution. Consider updating the call site or asking the package maintainer(s) to expose this API.
@moovo/frontend build: Web Bundled 14561ms packages/frontend/index.web.tsx (4671 modules)
@moovo/frontend build: 
@moovo/frontend build: › Assets (32):
@moovo/frontend build: ../../node_modules/@expo/vector-icons/build/vendor/react-native-vector-icons/Fonts/FontAwesome.b06871f281fee6b241d60582ae9369b9.ttf (166KB)
@moovo/frontend build: ../../node_modules/@oxy.so/bloom/lib/module/fonts/assets/BlomusModernus-Bold.c8e4c906b137ccc90f9aa1fbccbe85b2.woff2 (78KB)
@moovo/frontend build: ../../node_modules/@oxy.so/bloom/lib/module/fonts/assets/BlomusModernus-Regular.6a898c26aeb50e6f31189d06dd2bf3e9.woff2 (78KB)
@moovo/frontend build: ../../node_modules/@oxy.so/bloom/lib/module/fonts/assets/InterVariable.260c81a4759baf163c025001c4f27872.woff2 (48KB)
@moovo/frontend build: ../../node_modules/@oxy.so/bloom/lib/module/fonts/assets/JetBrainsMono-Variable.b058178d7f309414f8f856b99fd80d9b.woff2 (40KB)
@moovo/frontend build: ../../node_modules/@oxy.so/services/lib/module/assets/fonts/icons/OxyServicesIonicons.48b1d8ee549a265d0c1aa67fed7fbca2.ttf (43KB)
@moovo/frontend build: ../../node_modules/@oxy.so/services/lib/module/assets/fonts/icons/OxyServicesMaterialCommunityIcons.88d575089a17d9d10e08c411fd7105ba.ttf (29KB)
@moovo/frontend build: ../../node_modules/@oxy.so/services/lib/module/assets/signIn/slide-1.b29a38b76e9e9e426cc152c3a1a56a73.jpg (102KB)
@moovo/frontend build: ../../node_modules/@oxy.so/services/lib/module/assets/signIn/slide-2.045f767e731a6b2801ce1ea8dbda92f5.jpg (88KB)
@moovo/frontend build: ../../node_modules/@oxy.so/services/lib/module/assets/signIn/slide-3.32a001447e68adf690be104bddcce0ef.jpg (59KB)
@moovo/frontend build: ../../node_modules/@oxy.so/services/lib/module/assets/signIn/slide-4.1de81f0781c3c99c5615d0ec8eb5dee6.jpg (47KB)
@moovo/frontend build: ../../node_modules/expo-router/assets/arrow_down.017bc6ba3fc25503e5eb5e53826d48a8.png (9.5KB)
@moovo/frontend build: ../../node_modules/expo-router/assets/error.d1ea1496f9057eb392d5bbf3732a61b7.png (469B)
@moovo/frontend build: ../../node_modules/expo-router/assets/file.19eeb73b9593a38f8e9f418337fc7d10.png (138B)
@moovo/frontend build: ../../node_modules/expo-router/assets/forward.d8b800c443b8972542883e0b9de2bdc6.png (188B)
@moovo/frontend build: ../../node_modules/expo-router/assets/pkg.ab19f4cbc543357183a20571f68380a3.png (364B)
@moovo/frontend build: ../../node_modules/expo-router/assets/react-navigation/elements/back-icon-mask.0a328cd9c1afd0afe8e3b1ec5165b1b4.png (653B)
@moovo/frontend build: ../../node_modules/expo-router/assets/react-navigation/elements/back-icon.35ba0eaec5a4f5ed12ca16fabeae451d.png (207B)
@moovo/frontend build: ../../node_modules/expo-router/assets/react-navigation/elements/clear-icon.c94f6478e7ae0cdd9f15de1fcb9e5e55.png (4 variations | 425B)
@moovo/frontend build: ../../node_modules/expo-router/assets/react-navigation/elements/close-icon.808e1b1b9b53114ec2838071a7e6daa7.png (4 variations | 235B)
@moovo/frontend build: ../../node_modules/expo-router/assets/react-navigation/elements/search-icon.286d67d3f74808a60a78d3ebf1a5fb57.png (928B)
@moovo/frontend build: ../../node_modules/expo-router/assets/sitemap.412dd9275b6b48ad28f5e3d81bb1f626.png (465B)
@moovo/frontend build: ../../node_modules/expo-router/assets/unmatched.20e71bdf79e3a97bf55fd9e164041578.png (4.8KB)
@moovo/frontend build: assets/fonts/Inter-Italic-VariableFont_opsz,wght.6dce17792107f0321537c2f1e9f12866.ttf (905KB)
@moovo/frontend build: assets/fonts/Inter-VariableFont_opsz,wght.0a77e23a8fdbe6caefd53cb04c26fabc.ttf (875KB)
@moovo/frontend build: assets/fonts/SpaceMono-Regular.49a79d66bdea2debf1832bf4d7aca127.ttf (93KB)
@moovo/frontend build: 
@moovo/frontend build: › web bundles (76):
@moovo/frontend build: _expo/static/css/global-555c80de8bae8d3d97344695b217c95e.css (64KB)
@moovo/frontend build: _expo/static/css/maplibre-gl-b079c05127f3103c60105134c1a8e0d1.css (70KB)
@moovo/frontend build: _expo/static/js/web/__common-4eeb526d7f2092dbef49e264fe1a1751.js (72KB)
@moovo/frontend build: _expo/static/js/web/__expo-metro-runtime-1f8f5d3ca6b7f58204d51e14506d73fb.js (3.8KB)
@moovo/frontend build: _expo/static/js/web/AccountMembersScreen-573d604a73421830edeaba9667ad7546.js (10KB)
@moovo/frontend build: _expo/static/js/web/AccountSettingsScreen-9dfbb51f021f1c5d70116baea350fe28.js (6KB)
@moovo/frontend build: _expo/static/js/web/AccountVerificationScreen-1ff9502747171dc90cedb0f082e36185.js (7.3KB)
@moovo/frontend build: _expo/static/js/web/AppInfoScreen-c973467263ff209c9114694357272cdc.js (12KB)
@moovo/frontend build: _expo/static/js/web/ar-4d4ebf61ffc07e0a4caaeb875c09bbd9.js (178KB)
@moovo/frontend build: _expo/static/js/web/ar-SA-2ff4cd3b23777ab1492d8efa7049bc3e.js (35KB)
@moovo/frontend build: _expo/static/js/web/AvatarCropScreen-ec417d78abf9c79c0363a1d32675d0fd.js (21KB)
@moovo/frontend build: _expo/static/js/web/bn-04a4d782482be18017d127090299b577.js (173KB)
@moovo/frontend build: _expo/static/js/web/ca-3d1dbc8d4c98af955a42a8b94c80c35a.js (67KB)
@moovo/frontend build: _expo/static/js/web/ca-ES-c49284d9981d8b0edafd1be167f8a168.js (13KB)
@moovo/frontend build: _expo/static/js/web/ChangeAvatarScreen-214f2c55fe8f01fcd03827450c730ed2.js (4.4KB)
@moovo/frontend build: _expo/static/js/web/ConnectedAppsScreen-dc488d0463bcfe9d53aa47489984e30d.js (3.1KB)
@moovo/frontend build: _expo/static/js/web/CreateAccountScreen-20bf7c5ed7254ae451620ae6abd4d2c7.js (7.5KB)
@moovo/frontend build: _expo/static/js/web/de-79c1abe07694a82828dd45e7d0c4439b.js (66KB)
@moovo/frontend build: _expo/static/js/web/de-DE-22d28a9b5cc16bd125346380aa1e0f8e.js (14KB)
@moovo/frontend build: _expo/static/js/web/DeleteAccountScreen-58e4f954828e567816d5924decf82799.js (352B)
@moovo/frontend build: _expo/static/js/web/DomainsScreen-2a1c8c84af219f99ff26269acc795226.js (4.4KB)
@moovo/frontend build: _expo/static/js/web/EditProfileFieldScreen-c9c53e719a03ede4b43f91834fb0cae1.js (31KB)
@moovo/frontend build: _expo/static/js/web/EditProfileScreen-6fc491822894c0c5c4193b49ec37f597.js (3.5KB)
@moovo/frontend build: _expo/static/js/web/empty-module-dbea9d6a666b41f56d28ff8254325042.js (39B)
@moovo/frontend build: _expo/static/js/web/es-91f190ee59a7f632db4312e014cff3b3.js (67KB)
@moovo/frontend build: _expo/static/js/web/es-ES-9d5260d9c0965e2c3365e0cd43a67025.js (67KB)
@moovo/frontend build: _expo/static/js/web/FileManagementScreen-004da9a45209b7d56728f87a09438724.js (65KB)
@moovo/frontend build: _expo/static/js/web/FollowersListScreen-65d06574407ea1e9ea62176e4fd4c639.js (316B)
@moovo/frontend build: _expo/static/js/web/FollowingListScreen-c9f4e2c7f8075d9d9c7e39ce59e74732.js (316B)
@moovo/frontend build: _expo/static/js/web/fr-24313c02d0d960f9a3464debe8c459d8.js (70KB)
@moovo/frontend build: _expo/static/js/web/fr-FR-3a0c033aa233c9e44752984018960b22.js (14KB)
@moovo/frontend build: _expo/static/js/web/HelpSupportScreen-71101119f211dac7ba25d5c152ce59b7.js (2.9KB)
@moovo/frontend build: _expo/static/js/web/hi-f7b06fe0e4d6e5f5e3aa0d9e072768d7.js (168KB)
@moovo/frontend build: _expo/static/js/web/HistoryViewScreen-9a57b88474d7e1677c995ade8443f667.js (4KB)
@moovo/frontend build: _expo/static/js/web/id-73716429a82b2c060ac7521d4789ae62.js (61KB)
@moovo/frontend build: _expo/static/js/web/ImagePicker-d4a4b21c78b91eda7f2f585b2ff96eed.js (8.6KB)
@moovo/frontend build: _expo/static/js/web/index-26b32cf7da122b0530904b9791fbec79.js (13KB)
@moovo/frontend build: _expo/static/js/web/index-7edd6d340c2d2fbdd01774247e152b78.js (8.3MB)
@moovo/frontend build: _expo/static/js/web/index-978e93eef783995967edcb744b52c026.js (12KB)
@moovo/frontend build: _expo/static/js/web/index-9e21d27e0cbbfbfbfd296edc8f2a9b82.js (2.1KB)
@moovo/frontend build: _expo/static/js/web/internal-45272bc1d4258a954ba618bae0d9b2d8.js (2.4KB)
@moovo/frontend build: _expo/static/js/web/it-83a06560d9527b3196d98eeb17689d53.js (65KB)
@moovo/frontend build: _expo/static/js/web/it-IT-bf12677f769eff0945dd9d5e4b085b92.js (13KB)
@moovo/frontend build: _expo/static/js/web/ja-22a2baa25bb1b2a0047039eed43200a6.js (104KB)
@moovo/frontend build: _expo/static/js/web/ja-JP-b1918bf93753c1ca02ff86decbddd9e2.js (26KB)
@moovo/frontend build: _expo/static/js/web/ko-KR-898f61e5a96862fb01282a97451f26b9.js (21KB)
@moovo/frontend build: _expo/static/js/web/LanguageSelectorScreen-3a8a3583522e5d05107c21ef3f06391d.js (3.6KB)
@moovo/frontend build: _expo/static/js/web/LearnMoreUsernamesScreen-6f0f766187ecadb7a45960e955436d89.js (4.7KB)
@moovo/frontend build: _expo/static/js/web/LegalDocumentsScreen-27314771b8546d0f26f66e6d4ecd5cb3.js (4.4KB)
@moovo/frontend build: _expo/static/js/web/LinkCommonsScreen-c109c542719f6b33949f34eebb326268.js (317B)
@moovo/frontend build: _expo/static/js/web/ManageAccountScreen-693e0a07691003dc5e6ec299907e568d.js (22KB)
@moovo/frontend build: _expo/static/js/web/NotificationsScreen-784a27460b91d2d10f3e1e17916d6be5.js (3.2KB)
@moovo/frontend build: _expo/static/js/web/OxyAccountDialogScreen-6e5a6f38c63761c80cc44fceaf334916.js (43KB)
@moovo/frontend build: _expo/static/js/web/PaymentGatewayScreen-fa52fc31a0925753b7968f6b8b19ebea.js (29KB)
@moovo/frontend build: _expo/static/js/web/PreferencesScreen-7c9aced9bde9573da39dad1a6179e9d2.js (3.4KB)
@moovo/frontend build: _expo/static/js/web/PrivacySettingsScreen-bbd07be973b5e69d6d8b15df9b409aa5.js (12KB)
@moovo/frontend build: _expo/static/js/web/ProfileScreen-9d91932452e1e2d0901cd3da315c9cc4.js (8.3KB)
@moovo/frontend build: _expo/static/js/web/pt-519212bef1bb7d2a8d75d924c2190289.js (67KB)
@moovo/frontend build: _expo/static/js/web/pt-PT-18bb2c791865a17dc09a5889618f9822.js (14KB)
@moovo/frontend build: _expo/static/js/web/ru-2001d5abad6096a3ef38d68433c3d018.js (199KB)
@moovo/frontend build: _expo/static/js/web/SearchSettingsScreen-346f28fc209d94427042df4c2692ff6d.js (2.5KB)
@moovo/frontend build: _expo/static/js/web/SecureStore-3cc15bbc3e6f9379034dff3f679ee2cc.js (2.4KB)
@moovo/frontend build: _expo/static/js/web/SignInAuthenticatorScreen-97584a6165ef486b93a99e35f87b9c04.js (319B)
@moovo/frontend build: _expo/static/js/web/SignInPasswordScreen-64380c69310d5c02db61eac0371faec6.js (359B)
@moovo/frontend build: _expo/static/js/web/tr-eb290a03f968b853739bde9d82de3cb0.js (71KB)
@moovo/frontend build: _expo/static/js/web/TrustAboutScreen-74ff74077be18d6dcac257de50ac9c98.js (4.9KB)
@moovo/frontend build: _expo/static/js/web/TrustCenterScreen-a180e4e7e134ed613e445b388623ed9b.js (4.4KB)
@moovo/frontend build: _expo/static/js/web/TrustFAQScreen-33576891aea7937781495436854e7420.js (1.8KB)
@moovo/frontend build: _expo/static/js/web/TrustLeaderboardScreen-c2356d3f1f53f70167a72d9aa7b7c298.js (4.3KB)
@moovo/frontend build: _expo/static/js/web/TrustRewardsScreen-13c33dca2dd066a4844f450938b1099b.js (9.4KB)
@moovo/frontend build: _expo/static/js/web/TrustRulesScreen-27c58b843ce0f32025aac518c6ddb061.js (2.2KB)
@moovo/frontend build: _expo/static/js/web/UserLinksScreen-335fd5e9a5ef6db323a821e592fa9302.js (1.1KB)
@moovo/frontend build: _expo/static/js/web/WebBrowser-13dd7381539794bcf6935d6ab7bcf61b.js (8.4KB)
@moovo/frontend build: _expo/static/js/web/WelcomeNewUserScreen-9e91d963a14219ff21229983b1b43a4e.js (8.7KB)
@moovo/frontend build: _expo/static/js/web/zh-CN-d3d5ab869096e5a26080126981ab2194.js (18KB)
@moovo/frontend build: _expo/static/js/web/zh-fadd921bd6961498e6f41983ae801827.js (81KB)
@moovo/frontend build: 
@moovo/frontend build: › Files (3):
@moovo/frontend build: favicon.ico (15KB)
@moovo/frontend build: index.html (1.8KB)
@moovo/frontend build: metadata.json (49B)
@moovo/frontend build: 
@moovo/frontend build: Exported: dist
@moovo/frontend build: $ bun build worker/index.js --target=browser --format=esm --outfile=dist/_worker.js
@moovo/frontend build: Bundled 4 modules in 3ms
@moovo/frontend build: 
@moovo/frontend build:   _worker.js  8.1 KB  (entry point)
@moovo/frontend build: 
@moovo/frontend build: Exited with code 0
