$ bun run --filter @moovo/tracker-app build
@moovo/tracker-app build: Expo Autolinking module resolution enabled
@moovo/tracker-app build: Starting Metro Bundler
@moovo/tracker-app build: 
@moovo/tracker-app build:  WARN  Attempted to import the module "/home/nate/Oxy/Moovo/.worktrees/1519-final-sdk-adoption-20261003/node_modules/@noble/hashes/crypto.js" which is not listed in the "exports" of "/home/nate/Oxy/Moovo/.worktrees/1519-final-sdk-adoption-20261003/node_modules/@noble/hashes" under the requested subpath "./crypto.js". Falling back to file-based resolution. Consider updating the call site or asking the package maintainer(s) to expose this API.
@moovo/tracker-app build: Web Bundled 8677ms packages/tracker-app/index.web.tsx (2545 modules)
@moovo/tracker-app build: 
@moovo/tracker-app build: › Assets (31):
@moovo/tracker-app build: ../../node_modules/@oxy.so/bloom/lib/module/fonts/assets/BlomusModernus-Bold.c8e4c906b137ccc90f9aa1fbccbe85b2.woff2 (78KB)
@moovo/tracker-app build: ../../node_modules/@oxy.so/bloom/lib/module/fonts/assets/BlomusModernus-Regular.6a898c26aeb50e6f31189d06dd2bf3e9.woff2 (78KB)
@moovo/tracker-app build: ../../node_modules/@oxy.so/bloom/lib/module/fonts/assets/InterVariable.260c81a4759baf163c025001c4f27872.woff2 (48KB)
@moovo/tracker-app build: ../../node_modules/@oxy.so/bloom/lib/module/fonts/assets/JetBrainsMono-Variable.b058178d7f309414f8f856b99fd80d9b.woff2 (40KB)
@moovo/tracker-app build: ../../node_modules/@oxy.so/services/lib/module/assets/fonts/icons/OxyServicesIonicons.48b1d8ee549a265d0c1aa67fed7fbca2.ttf (43KB)
@moovo/tracker-app build: ../../node_modules/@oxy.so/services/lib/module/assets/fonts/icons/OxyServicesMaterialCommunityIcons.88d575089a17d9d10e08c411fd7105ba.ttf (29KB)
@moovo/tracker-app build: ../../node_modules/@oxy.so/services/lib/module/assets/signIn/slide-1.b29a38b76e9e9e426cc152c3a1a56a73.jpg (102KB)
@moovo/tracker-app build: ../../node_modules/@oxy.so/services/lib/module/assets/signIn/slide-2.045f767e731a6b2801ce1ea8dbda92f5.jpg (88KB)
@moovo/tracker-app build: ../../node_modules/@oxy.so/services/lib/module/assets/signIn/slide-3.32a001447e68adf690be104bddcce0ef.jpg (59KB)
@moovo/tracker-app build: ../../node_modules/@oxy.so/services/lib/module/assets/signIn/slide-4.1de81f0781c3c99c5615d0ec8eb5dee6.jpg (47KB)
@moovo/tracker-app build: ../../node_modules/expo-router/assets/arrow_down.017bc6ba3fc25503e5eb5e53826d48a8.png (9.5KB)
@moovo/tracker-app build: ../../node_modules/expo-router/assets/error.d1ea1496f9057eb392d5bbf3732a61b7.png (469B)
@moovo/tracker-app build: ../../node_modules/expo-router/assets/file.19eeb73b9593a38f8e9f418337fc7d10.png (138B)
@moovo/tracker-app build: ../../node_modules/expo-router/assets/forward.d8b800c443b8972542883e0b9de2bdc6.png (188B)
@moovo/tracker-app build: ../../node_modules/expo-router/assets/pkg.ab19f4cbc543357183a20571f68380a3.png (364B)
@moovo/tracker-app build: ../../node_modules/expo-router/assets/react-navigation/elements/back-icon-mask.0a328cd9c1afd0afe8e3b1ec5165b1b4.png (653B)
@moovo/tracker-app build: ../../node_modules/expo-router/assets/react-navigation/elements/back-icon.35ba0eaec5a4f5ed12ca16fabeae451d.png (207B)
@moovo/tracker-app build: ../../node_modules/expo-router/assets/react-navigation/elements/clear-icon.c94f6478e7ae0cdd9f15de1fcb9e5e55.png (4 variations | 425B)
@moovo/tracker-app build: ../../node_modules/expo-router/assets/react-navigation/elements/close-icon.808e1b1b9b53114ec2838071a7e6daa7.png (4 variations | 235B)
@moovo/tracker-app build: ../../node_modules/expo-router/assets/react-navigation/elements/search-icon.286d67d3f74808a60a78d3ebf1a5fb57.png (928B)
@moovo/tracker-app build: ../../node_modules/expo-router/assets/sitemap.412dd9275b6b48ad28f5e3d81bb1f626.png (465B)
@moovo/tracker-app build: ../../node_modules/expo-router/assets/unmatched.20e71bdf79e3a97bf55fd9e164041578.png (4.8KB)
@moovo/tracker-app build: assets/fonts/Inter-Italic-VariableFont_opsz,wght.6dce17792107f0321537c2f1e9f12866.ttf (905KB)
@moovo/tracker-app build: assets/fonts/Inter-VariableFont_opsz,wght.0a77e23a8fdbe6caefd53cb04c26fabc.ttf (875KB)
@moovo/tracker-app build: assets/fonts/SpaceMono-Regular.49a79d66bdea2debf1832bf4d7aca127.ttf (93KB)
@moovo/tracker-app build: 
@moovo/tracker-app build: › web bundles (77):
@moovo/tracker-app build: _expo/static/css/global-47b92020cb3049e6a06da299abdcf43a.css (45KB)
@moovo/tracker-app build: _expo/static/js/web/__common-3e9ee8e97559a516d6abd0a51f5259d8.js (81KB)
@moovo/tracker-app build: _expo/static/js/web/__expo-metro-runtime-1f8f5d3ca6b7f58204d51e14506d73fb.js (3.8KB)
@moovo/tracker-app build: _expo/static/js/web/AccountMembersScreen-b2acae64582c497f681380dfea300e92.js (10KB)
@moovo/tracker-app build: _expo/static/js/web/AccountSettingsScreen-187987997bb72c4fe2e71a6409b6aa2b.js (6KB)
@moovo/tracker-app build: _expo/static/js/web/AccountVerificationScreen-4c712829c17433b4f154f99d19ac6c88.js (7.3KB)
@moovo/tracker-app build: _expo/static/js/web/AppInfoScreen-bc1ca840596829e2cfdd1519dfe038f9.js (12KB)
@moovo/tracker-app build: _expo/static/js/web/ar-da60921cdedb4a6fb2d61a2cc06c0ded.js (178KB)
@moovo/tracker-app build: _expo/static/js/web/ar-SA-5135f27f9a33ba03fc905b169b748698.js (35KB)
@moovo/tracker-app build: _expo/static/js/web/AvatarCropScreen-e0cabac7ffede2f63fc157e9fc1048a8.js (21KB)
@moovo/tracker-app build: _expo/static/js/web/bn-d6be9e7d8ed3852d46e684e6dbb59d4e.js (173KB)
@moovo/tracker-app build: _expo/static/js/web/ca-beef611a9c55df69cb6bf380de0060ba.js (67KB)
@moovo/tracker-app build: _expo/static/js/web/ca-ES-ebdb6611c3645cfd284da8df0e662843.js (13KB)
@moovo/tracker-app build: _expo/static/js/web/ChangeAvatarScreen-6a297171d530f60af942cfd83aea745c.js (4.4KB)
@moovo/tracker-app build: _expo/static/js/web/ConnectedAppsScreen-1f8da2b54d8eb8539d4d2d71043fcc00.js (3.1KB)
@moovo/tracker-app build: _expo/static/js/web/CreateAccountScreen-29ad624ca4004d09828a8bbbd7d582de.js (7.5KB)
@moovo/tracker-app build: _expo/static/js/web/de-2358e6ecf4d406ae4efb7faba3423c7d.js (66KB)
@moovo/tracker-app build: _expo/static/js/web/de-DE-b189aca4e14db1284bb64461024d516f.js (14KB)
@moovo/tracker-app build: _expo/static/js/web/DeleteAccountScreen-5ea3a2ab6ef98923430a0dd32ca8fbda.js (352B)
@moovo/tracker-app build: _expo/static/js/web/DomainsScreen-4e830ed01ddc818e2c178080ad22e0a0.js (4.4KB)
@moovo/tracker-app build: _expo/static/js/web/EditProfileFieldScreen-63e1c21d0967215a0cd82556e9e4510c.js (31KB)
@moovo/tracker-app build: _expo/static/js/web/EditProfileScreen-c73a0de7dda02811a30612f404ef541f.js (3.5KB)
@moovo/tracker-app build: _expo/static/js/web/empty-module-ccedf4040268815173f3a50f186cbab3.js (39B)
@moovo/tracker-app build: _expo/static/js/web/es-d1205271a1212c27071c9a704cc5102e.js (67KB)
@moovo/tracker-app build: _expo/static/js/web/es-ES-d473217a66e68cd5a44d7fa5bb01fbd5.js (67KB)
@moovo/tracker-app build: _expo/static/js/web/FileManagementScreen-945c73780f3cebb7920de0e12fbc9071.js (101KB)
@moovo/tracker-app build: _expo/static/js/web/FollowersListScreen-bdc8ff7476bb80e736b8c83287e9de7e.js (316B)
@moovo/tracker-app build: _expo/static/js/web/FollowingListScreen-c26c799357267ed12e0da5257d96a1b1.js (316B)
@moovo/tracker-app build: _expo/static/js/web/fr-c50a123a02fb4a810ff0e236d9a6d3d0.js (70KB)
@moovo/tracker-app build: _expo/static/js/web/fr-FR-ef6244a0240f994bde73626af576ce0e.js (14KB)
@moovo/tracker-app build: _expo/static/js/web/Haptics-3a7e8bae2baa9858aa6468c1dfb4569f.js (3.6KB)
@moovo/tracker-app build: _expo/static/js/web/HelpSupportScreen-b0fb6665c37ed2eb5780e2463cf819a2.js (2.9KB)
@moovo/tracker-app build: _expo/static/js/web/hi-90e21e3d438589d0509091add5ea4f44.js (168KB)
@moovo/tracker-app build: _expo/static/js/web/HistoryViewScreen-3c49c68edc4bcb977e0afdbb85204423.js (4KB)
@moovo/tracker-app build: _expo/static/js/web/id-25458a81f817a3306efb756dae7cb125.js (61KB)
@moovo/tracker-app build: _expo/static/js/web/ImagePicker-a05065684f5208656a5836d677139a78.js (8.6KB)
@moovo/tracker-app build: _expo/static/js/web/index-0ba284eadef71b90c202cbd253c31b8a.js (2.1KB)
@moovo/tracker-app build: _expo/static/js/web/index-0bc59aa68f96b9bf4d5bc6c08c8962ce.js (4.5MB)
@moovo/tracker-app build: _expo/static/js/web/index-43bf86f218be310ac181d4f6eecffd26.js (12KB)
@moovo/tracker-app build: _expo/static/js/web/index-b8c30e1a9a22594744cea4b66e3300c1.js (54KB)
@moovo/tracker-app build: _expo/static/js/web/index-bd873191cc44db096d618660925db3e5.js (13KB)
@moovo/tracker-app build: _expo/static/js/web/internal-ba09ac7d36813d0ab96b46d60be11f1d.js (2.4KB)
@moovo/tracker-app build: _expo/static/js/web/it-2e1d85756d1ff0cbe61dd909a58bae88.js (65KB)
@moovo/tracker-app build: _expo/static/js/web/it-IT-e2d4e704b9988762934868fd4d08131a.js (13KB)
@moovo/tracker-app build: _expo/static/js/web/ja-660f36237d5cfb534b6ad52e08361b2a.js (104KB)
@moovo/tracker-app build: _expo/static/js/web/ja-JP-044678e81a7ed4136b8db700b9b69285.js (26KB)
@moovo/tracker-app build: _expo/static/js/web/ko-KR-c7cd37c0cff8ac11d43155963714add2.js (21KB)
@moovo/tracker-app build: _expo/static/js/web/LanguageSelectorScreen-06937fe25474af81c94066522c1bc72a.js (3.6KB)
@moovo/tracker-app build: _expo/static/js/web/LearnMoreUsernamesScreen-44be4e681eaac34e0e70f3dae53f971f.js (4.7KB)
@moovo/tracker-app build: _expo/static/js/web/LegalDocumentsScreen-81fc71be4f9e960ce39d05671814cd3d.js (4.4KB)
@moovo/tracker-app build: _expo/static/js/web/LinkCommonsScreen-2fb0e47ecbf52babef66e6fb4cdf6dd8.js (317B)
@moovo/tracker-app build: _expo/static/js/web/ManageAccountScreen-33129a860fa57b1ef376505eeccb5492.js (22KB)
@moovo/tracker-app build: _expo/static/js/web/NotificationsScreen-66a652b80402308d08806ec5e3ccbe68.js (3.2KB)
@moovo/tracker-app build: _expo/static/js/web/OxyAccountDialogScreen-8891df9b923fe909913c28783802b322.js (43KB)
@moovo/tracker-app build: _expo/static/js/web/PaymentGatewayScreen-b743d63382f006fe05ba5ae05a78d287.js (29KB)
@moovo/tracker-app build: _expo/static/js/web/PreferencesScreen-5f0824cade357f529fb263bb55306198.js (3.4KB)
@moovo/tracker-app build: _expo/static/js/web/PrivacySettingsScreen-9eb8cf8283cac2e3868096066c60858b.js (12KB)
@moovo/tracker-app build: _expo/static/js/web/ProfileScreen-05142ee044a5e535972a94de38519241.js (8.3KB)
@moovo/tracker-app build: _expo/static/js/web/pt-9776789a72dd2f924b67218ad5e20c43.js (67KB)
@moovo/tracker-app build: _expo/static/js/web/pt-PT-892f431e92c7079e3f78c0a5471e7108.js (14KB)
@moovo/tracker-app build: _expo/static/js/web/ru-313210da79045e6ed6b7b306c128f184.js (199KB)
@moovo/tracker-app build: _expo/static/js/web/SearchSettingsScreen-d4ca5ed15dbb7cc5789e3d3216592f54.js (2.5KB)
@moovo/tracker-app build: _expo/static/js/web/SecureStore-dbdc2d911a5aec1d17f8f125a253acd2.js (2.4KB)
@moovo/tracker-app build: _expo/static/js/web/SignInAuthenticatorScreen-bb7135430909e8623010cacf2d860fee.js (319B)
@moovo/tracker-app build: _expo/static/js/web/SignInPasswordScreen-813bdd81220c2a9484117bb6aba2a871.js (359B)
@moovo/tracker-app build: _expo/static/js/web/tr-6f208fbb47382963258b619418a9cb08.js (71KB)
@moovo/tracker-app build: _expo/static/js/web/TrustAboutScreen-7b9cd1832b880f1f6ffb0d9ceaf6cf2f.js (4.9KB)
@moovo/tracker-app build: _expo/static/js/web/TrustCenterScreen-fb5408f88b9f48ccf8ae2f702ac9497f.js (4.4KB)
@moovo/tracker-app build: _expo/static/js/web/TrustFAQScreen-2bb044336865a77b4d18e727d932be0c.js (1.8KB)
@moovo/tracker-app build: _expo/static/js/web/TrustLeaderboardScreen-a00bd148fe88fdd2b931c21c4c33c9a1.js (4.3KB)
@moovo/tracker-app build: _expo/static/js/web/TrustRewardsScreen-6f355e9350954c1477ad45bedbd6ffc7.js (9.4KB)
@moovo/tracker-app build: _expo/static/js/web/TrustRulesScreen-55edf108779e655ab243924ef1513c3b.js (2.2KB)
@moovo/tracker-app build: _expo/static/js/web/UserLinksScreen-dfb9f24d15fe02ddd69c6b9d6908eadb.js (1.1KB)
@moovo/tracker-app build: _expo/static/js/web/WebBrowser-1ec03a9bbd52d4db9d62840f5cdaf1a3.js (8.4KB)
@moovo/tracker-app build: _expo/static/js/web/WelcomeNewUserScreen-613bbcc6355db050a9194342e2afabe7.js (8.7KB)
@moovo/tracker-app build: _expo/static/js/web/zh-1af99479c9b8590ae293375c3c3507e3.js (81KB)
@moovo/tracker-app build: _expo/static/js/web/zh-CN-34e510379d367f1fc3717aa11009bf69.js (18KB)
@moovo/tracker-app build: 
@moovo/tracker-app build: › Files (3):
@moovo/tracker-app build: favicon.ico (15KB)
@moovo/tracker-app build: index.html (4.6KB)
@moovo/tracker-app build: metadata.json (49B)
@moovo/tracker-app build: 
@moovo/tracker-app build: Exported: dist
@moovo/tracker-app build: $ bun build worker/index.js --target=browser --format=esm --outfile=dist/_worker.js
@moovo/tracker-app build: Bundled 4 modules in 10ms
@moovo/tracker-app build: 
@moovo/tracker-app build:   _worker.js  8.1 KB  (entry point)
@moovo/tracker-app build: 
@moovo/tracker-app build: Exited with code 0
